// Jest Snapshot v1, https://goo.gl/fbAQLP

exports[`Input matches snapshot 1`] = `
<div
  className="css-hqqaza-Input"
>
  <label
    className="MuiInputLabel-root MuiInputLabel-animated MuiFormLabel-root MuiFormLabel-colorPrimary css-9npbnl-MuiFormLabel-root-MuiInputLabel-root"
    htmlFor="Password"
  >
    Password
  </label>
  <div
    className="MuiInput-root MuiInput-underline MuiInputBase-root MuiInputBase-colorPrimary MuiInputBase-fullWidth css-wjdba9-MuiInputBase-root-MuiInput-root"
    onClick={[Function]}
    required={true}
  >
    <input
      className="MuiInput-input MuiInputBase-input css-1x51dt5-MuiInputBase-input-MuiInput-input"
      id="Password"
      onAnimationStart={[Function]}
      onBlur={[Function]}
      onChange={[Function]}
      onFocus={[Function]}
      placeholder="Password"
      required={true}
      type="password"
    />
  </div>
</div>
`;
